// Jest Snapshot v1, https://goo.gl/fbAQLP

exports[`PrimaryButton renders correctly 1`] = `
<button
  className="css-ofp0oc-PrimaryButton"
/>
`;
